edge0_source_ordinary_loki_tiny_csv_11431
unknown
edge0_source_ordinary_loki_tiny_csv_12529
unknown
edge0_source_ordinary_loki_tiny_csv_12689
unknown
edge0_source_ordinary_loki_tiny_csv_13078
unknown
edge0_source_ordinary_loki_tiny_csv_13174
unsat
edge0_source_ordinary_loki_tiny_csv_13238
unknown
edge0_source_ordinary_loki_tiny_csv_13752
unknown
edge0_source_ordinary_loki_tiny_csv_14143
unsat
edge0_source_ordinary_loki_tiny_csv_14221
unknown
edge0_source_ordinary_loki_tiny_csv_14369
unsat
edge0_source_ordinary_loki_tiny_csv_14497
unsat
edge0_source_ordinary_loki_tiny_csv_14545
unknown
edge0_source_ordinary_loki_tiny_csv_16073
unknown
edge0_source_ordinary_loki_tiny_csv_17380
unsat
edge0_source_ordinary_loki_tiny_csv_17524
unsat
edge0_source_ordinary_loki_tiny_csv_17578
unknown
edge0_source_ordinary_loki_tiny_csv_17633
unsat
edge0_source_ordinary_loki_tiny_csv_17818
unsat
edge0_source_ordinary_loki_tiny_csv_17825
unsat
edge0_source_ordinary_loki_tiny_csv_17972
unsat
edge0_source_ordinary_loki_tiny_csv_17980
unsat
edge0_source_ordinary_loki_tiny_csv_17981
unsat
edge0_source_ordinary_loki_tiny_csv_18104
unsat
edge0_source_ordinary_loki_tiny_csv_18200
unsat
edge0_source_ordinary_loki_tiny_csv_1841
unsat
edge0_source_ordinary_loki_tiny_csv_18437
unsat
edge0_source_ordinary_loki_tiny_csv_18523
unsat
edge0_source_ordinary_loki_tiny_csv_18631
unknown
edge0_source_ordinary_loki_tiny_csv_18685
unsat
edge0_source_ordinary_loki_tiny_csv_18731
unsat
edge0_source_ordinary_loki_tiny_csv_19290
unknown
edge0_source_ordinary_loki_tiny_csv_19299
unsat
edge0_source_ordinary_loki_tiny_csv_19329
unknown
edge0_source_ordinary_loki_tiny_csv_19565
unknown
edge0_source_ordinary_loki_tiny_csv_19597
unsat
edge0_source_ordinary_loki_tiny_csv_19704
unsat
edge0_source_ordinary_loki_tiny_csv_19728
unsat
edge0_source_ordinary_loki_tiny_csv_19966
unknown
edge0_source_ordinary_loki_tiny_csv_19996
unknown
edge0_source_ordinary_loki_tiny_csv_22103
unsat
edge0_source_ordinary_loki_tiny_csv_23004
unknown
edge0_source_ordinary_loki_tiny_csv_2319
unsat
edge0_source_ordinary_loki_tiny_csv_23488
unknown
edge0_source_ordinary_loki_tiny_csv_23652
unknown
edge0_source_ordinary_loki_tiny_csv_23810
unknown
edge0_source_ordinary_loki_tiny_csv_23816
unknown
edge0_source_ordinary_loki_tiny_csv_24044
unsat
edge0_source_ordinary_loki_tiny_csv_24286
unknown
edge0_source_ordinary_loki_tiny_csv_24338
unknown
edge0_source_ordinary_loki_tiny_csv_24490
unsat
edge0_source_ordinary_loki_tiny_csv_24796
unknown
edge0_source_ordinary_loki_tiny_csv_24869
unknown
edge0_source_ordinary_loki_tiny_csv_24932
unknown
edge0_source_ordinary_loki_tiny_csv_2499
unsat
edge0_source_ordinary_loki_tiny_csv_2631
unsat
edge0_source_ordinary_loki_tiny_csv_2729
unsat
edge0_source_ordinary_loki_tiny_csv_2772
unsat
edge0_source_ordinary_loki_tiny_csv_2929
unsat
edge0_source_ordinary_loki_tiny_csv_3312
unsat
edge0_source_ordinary_loki_tiny_csv_3424
unsat
edge0_source_ordinary_loki_tiny_csv_3894
unsat
edge0_source_ordinary_loki_tiny_csv_3919
unsat
edge0_source_ordinary_loki_tiny_csv_3928
unknown
edge0_source_ordinary_loki_tiny_csv_3979
unknown
edge0_source_ordinary_loki_tiny_csv_4081
unsat
edge0_source_ordinary_loki_tiny_csv_4087
unknown
edge0_source_ordinary_loki_tiny_csv_4220
unsat
edge0_source_ordinary_loki_tiny_csv_4310
unknown
edge0_source_ordinary_loki_tiny_csv_4549
unknown
edge0_source_ordinary_loki_tiny_csv_4581
unknown
edge0_source_ordinary_loki_tiny_csv_4583
unknown
edge0_source_ordinary_loki_tiny_csv_4752
unsat
edge0_source_ordinary_loki_tiny_csv_4900
unsat
edge0_source_ordinary_loki_tiny_csv_4917
unsat
edge0_source_ordinary_loki_tiny_csv_7246
unsat
edge0_source_ordinary_loki_tiny_csv_7492
unsat
edge0_source_ordinary_loki_tiny_csv_8173
unsat
edge0_source_ordinary_loki_tiny_csv_8341
unsat
edge0_source_ordinary_loki_tiny_csv_8584
unsat
edge0_source_ordinary_loki_tiny_csv_8982
unsat
edge0_source_ordinary_loki_tiny_csv_9594
unsat
edge0_source_ordinary_loki_tiny_csv_9810
unsat
edge0_source_ordinary_qsynth_ea_csv_114
unknown
edge0_source_ordinary_qsynth_ea_csv_125
unknown
edge0_source_ordinary_qsynth_ea_csv_13
unknown
edge0_source_ordinary_qsynth_ea_csv_134
unknown
edge0_source_ordinary_qsynth_ea_csv_139
unknown
edge0_source_ordinary_qsynth_ea_csv_210
unknown
edge0_source_ordinary_qsynth_ea_csv_234
unknown
edge0_source_ordinary_qsynth_ea_csv_249
unknown
edge0_source_ordinary_qsynth_ea_csv_25
unknown
edge0_source_ordinary_qsynth_ea_csv_260
unknown
edge0_source_ordinary_qsynth_ea_csv_294
unknown
edge0_source_ordinary_qsynth_ea_csv_309
unknown
edge0_source_ordinary_qsynth_ea_csv_369
unknown
edge0_source_ordinary_qsynth_ea_csv_392
unknown
edge0_source_ordinary_qsynth_ea_csv_423
unknown
edge0_source_ordinary_qsynth_ea_csv_481
unknown
edge0_source_ordinary_qsynth_ea_csv_486
unknown
edge0_source_ordinary_qsynth_ea_csv_53
unknown
edge0_source_ordinary_qsynth_ea_csv_77
unknown
edge1_ordinary_p7e_loki_tiny_csv_11431
unsat
edge1_ordinary_p7e_loki_tiny_csv_12529
unsat
edge1_ordinary_p7e_loki_tiny_csv_12689
unsat
edge1_ordinary_p7e_loki_tiny_csv_13078
unsat
edge1_ordinary_p7e_loki_tiny_csv_13174
unsat
edge1_ordinary_p7e_loki_tiny_csv_13238
unsat
edge1_ordinary_p7e_loki_tiny_csv_13752
unknown
edge1_ordinary_p7e_loki_tiny_csv_14143
unsat
edge1_ordinary_p7e_loki_tiny_csv_14221
unsat
edge1_ordinary_p7e_loki_tiny_csv_14369
unsat
edge1_ordinary_p7e_loki_tiny_csv_14497
unsat
edge1_ordinary_p7e_loki_tiny_csv_14545
unsat
edge1_ordinary_p7e_loki_tiny_csv_16073
unsat
edge1_ordinary_p7e_loki_tiny_csv_17380
unsat
edge1_ordinary_p7e_loki_tiny_csv_17524
unsat
edge1_ordinary_p7e_loki_tiny_csv_17578
unsat
edge1_ordinary_p7e_loki_tiny_csv_17633
unsat
edge1_ordinary_p7e_loki_tiny_csv_17818
unsat
edge1_ordinary_p7e_loki_tiny_csv_17825
unsat
edge1_ordinary_p7e_loki_tiny_csv_17972
unsat
edge1_ordinary_p7e_loki_tiny_csv_17980
unsat
edge1_ordinary_p7e_loki_tiny_csv_17981
unsat
edge1_ordinary_p7e_loki_tiny_csv_18104
unsat
edge1_ordinary_p7e_loki_tiny_csv_18200
unsat
edge1_ordinary_p7e_loki_tiny_csv_1841
unsat
edge1_ordinary_p7e_loki_tiny_csv_18437
unsat
edge1_ordinary_p7e_loki_tiny_csv_18523
unsat
edge1_ordinary_p7e_loki_tiny_csv_18631
unsat
edge1_ordinary_p7e_loki_tiny_csv_18685
unsat
edge1_ordinary_p7e_loki_tiny_csv_18731
unsat
edge1_ordinary_p7e_loki_tiny_csv_19290
unknown
edge1_ordinary_p7e_loki_tiny_csv_19299
unsat
edge1_ordinary_p7e_loki_tiny_csv_19329
unsat
edge1_ordinary_p7e_loki_tiny_csv_19565
unsat
edge1_ordinary_p7e_loki_tiny_csv_19597
unsat
edge1_ordinary_p7e_loki_tiny_csv_19704
unsat
edge1_ordinary_p7e_loki_tiny_csv_19728
unsat
edge1_ordinary_p7e_loki_tiny_csv_19966
unsat
edge1_ordinary_p7e_loki_tiny_csv_19996
unsat
edge1_ordinary_p7e_loki_tiny_csv_22103
unsat
edge1_ordinary_p7e_loki_tiny_csv_23004
unsat
edge1_ordinary_p7e_loki_tiny_csv_2319
unsat
edge1_ordinary_p7e_loki_tiny_csv_23488
unsat
edge1_ordinary_p7e_loki_tiny_csv_23652
unsat
edge1_ordinary_p7e_loki_tiny_csv_23810
unsat
edge1_ordinary_p7e_loki_tiny_csv_23816
unsat
edge1_ordinary_p7e_loki_tiny_csv_24044
unsat
edge1_ordinary_p7e_loki_tiny_csv_24286
unsat
edge1_ordinary_p7e_loki_tiny_csv_24338
unsat
edge1_ordinary_p7e_loki_tiny_csv_24490
unsat
edge1_ordinary_p7e_loki_tiny_csv_24796
unsat
edge1_ordinary_p7e_loki_tiny_csv_24869
unsat
edge1_ordinary_p7e_loki_tiny_csv_24932
unsat
edge1_ordinary_p7e_loki_tiny_csv_2499
unsat
edge1_ordinary_p7e_loki_tiny_csv_2631
unsat
edge1_ordinary_p7e_loki_tiny_csv_2729
unsat
edge1_ordinary_p7e_loki_tiny_csv_2772
unsat
edge1_ordinary_p7e_loki_tiny_csv_2929
unsat
edge1_ordinary_p7e_loki_tiny_csv_3312
unsat
edge1_ordinary_p7e_loki_tiny_csv_3424
unsat
edge1_ordinary_p7e_loki_tiny_csv_3894
unsat
edge1_ordinary_p7e_loki_tiny_csv_3919
unsat
edge1_ordinary_p7e_loki_tiny_csv_3928
unsat
edge1_ordinary_p7e_loki_tiny_csv_3979
unknown
edge1_ordinary_p7e_loki_tiny_csv_4081
unsat
edge1_ordinary_p7e_loki_tiny_csv_4087
unsat
edge1_ordinary_p7e_loki_tiny_csv_4220
unsat
edge1_ordinary_p7e_loki_tiny_csv_4310
unsat
edge1_ordinary_p7e_loki_tiny_csv_4549
unsat
edge1_ordinary_p7e_loki_tiny_csv_4581
unsat
edge1_ordinary_p7e_loki_tiny_csv_4583
unsat
edge1_ordinary_p7e_loki_tiny_csv_4752
unsat
edge1_ordinary_p7e_loki_tiny_csv_4900
unsat
edge1_ordinary_p7e_loki_tiny_csv_4917
unsat
edge1_ordinary_p7e_loki_tiny_csv_7246
unsat
edge1_ordinary_p7e_loki_tiny_csv_7492
unsat
edge1_ordinary_p7e_loki_tiny_csv_8173
unsat
edge1_ordinary_p7e_loki_tiny_csv_8341
unsat
edge1_ordinary_p7e_loki_tiny_csv_8584
unsat
edge1_ordinary_p7e_loki_tiny_csv_8982
unsat
edge1_ordinary_p7e_loki_tiny_csv_9594
unsat
edge1_ordinary_p7e_loki_tiny_csv_9810
unsat
edge1_ordinary_p7e_qsynth_ea_csv_114
unsat
edge1_ordinary_p7e_qsynth_ea_csv_125
unsat
edge1_ordinary_p7e_qsynth_ea_csv_13
unsat
edge1_ordinary_p7e_qsynth_ea_csv_134
unsat
edge1_ordinary_p7e_qsynth_ea_csv_139
unsat
edge1_ordinary_p7e_qsynth_ea_csv_210
unsat
edge1_ordinary_p7e_qsynth_ea_csv_234
unsat
edge1_ordinary_p7e_qsynth_ea_csv_249
unknown
edge1_ordinary_p7e_qsynth_ea_csv_25
unsat
edge1_ordinary_p7e_qsynth_ea_csv_260
unsat
edge1_ordinary_p7e_qsynth_ea_csv_294
unsat
edge1_ordinary_p7e_qsynth_ea_csv_309
unsat
edge1_ordinary_p7e_qsynth_ea_csv_369
unsat
edge1_ordinary_p7e_qsynth_ea_csv_392
unknown
edge1_ordinary_p7e_qsynth_ea_csv_423
unsat
edge1_ordinary_p7e_qsynth_ea_csv_481
unsat
edge1_ordinary_p7e_qsynth_ea_csv_486
unsat
edge1_ordinary_p7e_qsynth_ea_csv_53
unsat
edge1_ordinary_p7e_qsynth_ea_csv_77
unsat
edge2_p11a_qsynth_ea_csv_125
unsat
edge2_p11a_qsynth_ea_csv_13
unknown
edge2_p11a_qsynth_ea_csv_134
unsat
edge2_p11a_qsynth_ea_csv_210
unknown
edge2_p11a_qsynth_ea_csv_234
unknown
edge2_p11a_qsynth_ea_csv_260
unknown
edge2_p11a_qsynth_ea_csv_294
unknown
edge2_p11a_qsynth_ea_csv_369
unknown
edge2_p11a_qsynth_ea_csv_481
unknown
edge2_p11a_qsynth_ea_csv_486
unknown
edge2_p11a_qsynth_ea_csv_53
unknown
edge2_p11a_qsynth_ea_csv_77
unknown
edge2_p11b_qsynth_ea_csv_114
unsat
edge2_p11b_qsynth_ea_csv_139
unknown
edge2_p11b_qsynth_ea_csv_25
unknown
edge2_p11b_qsynth_ea_csv_423
unknown
edge2_p7e_loki_tiny_csv_13238
unsat
edge2_p7e_loki_tiny_csv_13752
unsat
edge2_p7e_loki_tiny_csv_1841
unsat
edge2_p7e_loki_tiny_csv_18731
unsat
edge2_p7e_loki_tiny_csv_19290
unsat
edge2_p7e_loki_tiny_csv_19299
unsat
edge2_p7e_loki_tiny_csv_19996
unsat
edge2_p7e_loki_tiny_csv_2772
unsat
edge2_p7e_loki_tiny_csv_3928
unsat
edge2_p7e_loki_tiny_csv_3979
unsat
edge2_p7e_loki_tiny_csv_4581
unsat
edge2_p7e_loki_tiny_csv_4900
unsat
edge2_p7e_loki_tiny_csv_4917
unsat
edge2_p7e_qsynth_ea_csv_249
unsat
edge2_p7e_qsynth_ea_csv_309
unsat
edge2_p7e_qsynth_ea_csv_392
unsat
edge2_p9l_loki_tiny_csv_11431
unknown
edge2_p9l_loki_tiny_csv_12529
unknown
edge2_p9l_loki_tiny_csv_12689
unknown
edge2_p9l_loki_tiny_csv_13078
unsat
edge2_p9l_loki_tiny_csv_13174
unsat
edge2_p9l_loki_tiny_csv_14143
unsat
edge2_p9l_loki_tiny_csv_14221
unsat
edge2_p9l_loki_tiny_csv_14369
unsat
edge2_p9l_loki_tiny_csv_14497
unsat
edge2_p9l_loki_tiny_csv_14545
unknown
edge2_p9l_loki_tiny_csv_16073
unknown
edge2_p9l_loki_tiny_csv_17380
unsat
edge2_p9l_loki_tiny_csv_17524
unsat
edge2_p9l_loki_tiny_csv_17578
unsat
edge2_p9l_loki_tiny_csv_17633
unsat
edge2_p9l_loki_tiny_csv_17818
unsat
edge2_p9l_loki_tiny_csv_17825
unsat
edge2_p9l_loki_tiny_csv_17972
unsat
edge2_p9l_loki_tiny_csv_17980
unsat
edge2_p9l_loki_tiny_csv_17981
unsat
edge2_p9l_loki_tiny_csv_18104
unsat
edge2_p9l_loki_tiny_csv_18200
unsat
edge2_p9l_loki_tiny_csv_18437
unsat
edge2_p9l_loki_tiny_csv_18523
unsat
edge2_p9l_loki_tiny_csv_18631
unknown
edge2_p9l_loki_tiny_csv_18685
unsat
edge2_p9l_loki_tiny_csv_19329
unknown
edge2_p9l_loki_tiny_csv_19565
unsat
edge2_p9l_loki_tiny_csv_19597
unsat
edge2_p9l_loki_tiny_csv_19704
unsat
edge2_p9l_loki_tiny_csv_19728
unsat
edge2_p9l_loki_tiny_csv_19966
unknown
edge2_p9l_loki_tiny_csv_22103
unsat
edge2_p9l_loki_tiny_csv_23004
unsat
edge2_p9l_loki_tiny_csv_2319
unsat
edge2_p9l_loki_tiny_csv_23488
unsat
edge2_p9l_loki_tiny_csv_23652
unknown
edge2_p9l_loki_tiny_csv_23810
unsat
edge2_p9l_loki_tiny_csv_23816
unsat
edge2_p9l_loki_tiny_csv_24044
unsat
edge2_p9l_loki_tiny_csv_24286
unsat
edge2_p9l_loki_tiny_csv_24338
unsat
edge2_p9l_loki_tiny_csv_24490
unsat
edge2_p9l_loki_tiny_csv_24796
unsat
edge2_p9l_loki_tiny_csv_24869
unknown
edge2_p9l_loki_tiny_csv_24932
unknown
edge2_p9l_loki_tiny_csv_2499
unsat
edge2_p9l_loki_tiny_csv_2631
unsat
edge2_p9l_loki_tiny_csv_2729
unsat
edge2_p9l_loki_tiny_csv_2929
unsat
edge2_p9l_loki_tiny_csv_3312
unsat
edge2_p9l_loki_tiny_csv_3424
unsat
edge2_p9l_loki_tiny_csv_3894
unsat
edge2_p9l_loki_tiny_csv_3919
unsat
edge2_p9l_loki_tiny_csv_4081
unsat
edge2_p9l_loki_tiny_csv_4087
unknown
edge2_p9l_loki_tiny_csv_4220
unsat
edge2_p9l_loki_tiny_csv_4310
unknown
edge2_p9l_loki_tiny_csv_4549
unsat
edge2_p9l_loki_tiny_csv_4583
unsat
edge2_p9l_loki_tiny_csv_4752
unsat
edge2_p9l_loki_tiny_csv_7246
unsat
edge2_p9l_loki_tiny_csv_7492
unsat
edge2_p9l_loki_tiny_csv_8173
unsat
edge2_p9l_loki_tiny_csv_8341
unsat
edge2_p9l_loki_tiny_csv_8584
unsat
edge2_p9l_loki_tiny_csv_8982
unsat
edge2_p9l_loki_tiny_csv_9594
unsat
edge2_p9l_loki_tiny_csv_9810
unsat
