edge0_source_ordinary_loki_tiny_csv_19966_bits15_0
unsat
edge0_source_ordinary_loki_tiny_csv_19966_bits31_16
unknown
edge0_source_ordinary_loki_tiny_csv_19966_bits47_32
unknown
edge0_source_ordinary_loki_tiny_csv_19966_bits63_48
unknown
edge0_source_ordinary_loki_tiny_csv_23652_bits15_0
unsat
edge0_source_ordinary_loki_tiny_csv_23652_bits31_16
unsat
edge0_source_ordinary_loki_tiny_csv_23652_bits47_32
unsat
edge0_source_ordinary_loki_tiny_csv_23652_bits63_48
unsat
edge0_source_ordinary_loki_tiny_csv_24796_bits15_0
unsat
edge0_source_ordinary_loki_tiny_csv_24796_bits31_16
unsat
edge0_source_ordinary_loki_tiny_csv_24796_bits47_32
unsat
edge0_source_ordinary_loki_tiny_csv_24796_bits63_48
unsat
edge0_source_ordinary_qsynth_ea_csv_125_bits15_0
unknown
edge0_source_ordinary_qsynth_ea_csv_125_bits31_16
unknown
edge0_source_ordinary_qsynth_ea_csv_125_bits47_32
unknown
edge0_source_ordinary_qsynth_ea_csv_125_bits63_48
unknown
edge0_source_ordinary_qsynth_ea_csv_13_bits15_0
unknown
edge0_source_ordinary_qsynth_ea_csv_13_bits31_16
unknown
edge0_source_ordinary_qsynth_ea_csv_13_bits47_32
unknown
edge0_source_ordinary_qsynth_ea_csv_13_bits63_48
unknown
edge0_source_ordinary_qsynth_ea_csv_134_bits15_0
unknown
edge0_source_ordinary_qsynth_ea_csv_134_bits31_16
unknown
edge0_source_ordinary_qsynth_ea_csv_134_bits47_32
unknown
edge0_source_ordinary_qsynth_ea_csv_134_bits63_48
unknown
edge0_source_ordinary_qsynth_ea_csv_139_bits15_0
unknown
edge0_source_ordinary_qsynth_ea_csv_139_bits31_16
unknown
edge0_source_ordinary_qsynth_ea_csv_139_bits47_32
unknown
edge0_source_ordinary_qsynth_ea_csv_139_bits63_48
unknown
edge0_source_ordinary_qsynth_ea_csv_210_bits15_0
unknown
edge0_source_ordinary_qsynth_ea_csv_210_bits31_16
unknown
edge0_source_ordinary_qsynth_ea_csv_210_bits47_32
unknown
edge0_source_ordinary_qsynth_ea_csv_210_bits63_48
unknown
edge0_source_ordinary_qsynth_ea_csv_234_bits15_0
unknown
edge0_source_ordinary_qsynth_ea_csv_234_bits31_16
unknown
edge0_source_ordinary_qsynth_ea_csv_234_bits47_32
unknown
edge0_source_ordinary_qsynth_ea_csv_234_bits63_48
unknown
edge0_source_ordinary_qsynth_ea_csv_249_bits15_0
unknown
edge0_source_ordinary_qsynth_ea_csv_249_bits31_16
unknown
edge0_source_ordinary_qsynth_ea_csv_249_bits47_32
unknown
edge0_source_ordinary_qsynth_ea_csv_249_bits63_48
unknown
edge0_source_ordinary_qsynth_ea_csv_25_bits15_0
unsat
edge0_source_ordinary_qsynth_ea_csv_25_bits31_16
unknown
edge0_source_ordinary_qsynth_ea_csv_25_bits47_32
unknown
edge0_source_ordinary_qsynth_ea_csv_25_bits63_48
unknown
edge0_source_ordinary_qsynth_ea_csv_260_bits15_0
unknown
edge0_source_ordinary_qsynth_ea_csv_260_bits31_16
unknown
edge0_source_ordinary_qsynth_ea_csv_260_bits47_32
unknown
edge0_source_ordinary_qsynth_ea_csv_260_bits63_48
unknown
edge0_source_ordinary_qsynth_ea_csv_294_bits15_0
unknown
edge0_source_ordinary_qsynth_ea_csv_294_bits31_16
unknown
edge0_source_ordinary_qsynth_ea_csv_294_bits47_32
unknown
edge0_source_ordinary_qsynth_ea_csv_294_bits63_48
unknown
edge0_source_ordinary_qsynth_ea_csv_309_bits15_0
unsat
edge0_source_ordinary_qsynth_ea_csv_309_bits31_16
unsat
edge0_source_ordinary_qsynth_ea_csv_309_bits47_32
unsat
edge0_source_ordinary_qsynth_ea_csv_309_bits63_48
unsat
edge0_source_ordinary_qsynth_ea_csv_369_bits15_0
unknown
edge0_source_ordinary_qsynth_ea_csv_369_bits31_16
unknown
edge0_source_ordinary_qsynth_ea_csv_369_bits47_32
unknown
edge0_source_ordinary_qsynth_ea_csv_369_bits63_48
unknown
edge0_source_ordinary_qsynth_ea_csv_392_bits15_0
unsat
edge0_source_ordinary_qsynth_ea_csv_392_bits31_16
unsat
edge0_source_ordinary_qsynth_ea_csv_392_bits47_32
unknown
edge0_source_ordinary_qsynth_ea_csv_392_bits63_48
unknown
edge0_source_ordinary_qsynth_ea_csv_423_bits15_0
unsat
edge0_source_ordinary_qsynth_ea_csv_423_bits31_16
unknown
edge0_source_ordinary_qsynth_ea_csv_423_bits47_32
unknown
edge0_source_ordinary_qsynth_ea_csv_423_bits63_48
unknown
edge0_source_ordinary_qsynth_ea_csv_481_bits15_0
unknown
edge0_source_ordinary_qsynth_ea_csv_481_bits31_16
unknown
edge0_source_ordinary_qsynth_ea_csv_481_bits47_32
unknown
edge0_source_ordinary_qsynth_ea_csv_481_bits63_48
unknown
edge0_source_ordinary_qsynth_ea_csv_486_bits15_0
unknown
edge0_source_ordinary_qsynth_ea_csv_486_bits31_16
unknown
edge0_source_ordinary_qsynth_ea_csv_486_bits47_32
unknown
edge0_source_ordinary_qsynth_ea_csv_486_bits63_48
unknown
edge0_source_ordinary_qsynth_ea_csv_53_bits15_0
unknown
edge0_source_ordinary_qsynth_ea_csv_53_bits31_16
unknown
edge0_source_ordinary_qsynth_ea_csv_53_bits47_32
unknown
edge0_source_ordinary_qsynth_ea_csv_53_bits63_48
unknown
edge0_source_ordinary_qsynth_ea_csv_77_bits15_0
unsat
edge0_source_ordinary_qsynth_ea_csv_77_bits31_16
unknown
edge0_source_ordinary_qsynth_ea_csv_77_bits47_32
unknown
edge0_source_ordinary_qsynth_ea_csv_77_bits63_48
unknown
edge1_ordinary_p7e_qsynth_ea_csv_249_bits15_0
unknown
edge1_ordinary_p7e_qsynth_ea_csv_249_bits31_16
unknown
edge1_ordinary_p7e_qsynth_ea_csv_249_bits47_32
unknown
edge1_ordinary_p7e_qsynth_ea_csv_249_bits63_48
unknown
edge1_ordinary_p7e_qsynth_ea_csv_392_bits15_0
unsat
edge1_ordinary_p7e_qsynth_ea_csv_392_bits31_16
unknown
edge1_ordinary_p7e_qsynth_ea_csv_392_bits47_32
unknown
edge1_ordinary_p7e_qsynth_ea_csv_392_bits63_48
unknown
edge2_p11a_qsynth_ea_csv_13_bits15_0
unknown
edge2_p11a_qsynth_ea_csv_13_bits31_16
unknown
edge2_p11a_qsynth_ea_csv_13_bits47_32
unknown
edge2_p11a_qsynth_ea_csv_13_bits63_48
unknown
edge2_p11a_qsynth_ea_csv_210_bits15_0
unsat
edge2_p11a_qsynth_ea_csv_210_bits31_16
unsat
edge2_p11a_qsynth_ea_csv_210_bits47_32
unsat
edge2_p11a_qsynth_ea_csv_210_bits63_48
unsat
edge2_p11a_qsynth_ea_csv_234_bits15_0
unsat
edge2_p11a_qsynth_ea_csv_234_bits31_16
unknown
edge2_p11a_qsynth_ea_csv_234_bits47_32
unknown
edge2_p11a_qsynth_ea_csv_234_bits63_48
unknown
edge2_p11a_qsynth_ea_csv_260_bits15_0
unsat
edge2_p11a_qsynth_ea_csv_260_bits31_16
unsat
edge2_p11a_qsynth_ea_csv_260_bits47_32
unsat
edge2_p11a_qsynth_ea_csv_260_bits63_48
unsat
edge2_p11a_qsynth_ea_csv_294_bits15_0
unsat
edge2_p11a_qsynth_ea_csv_294_bits31_16
unsat
edge2_p11a_qsynth_ea_csv_294_bits47_32
unknown
edge2_p11a_qsynth_ea_csv_294_bits63_48
unknown
edge2_p11a_qsynth_ea_csv_369_bits15_0
unknown
edge2_p11a_qsynth_ea_csv_369_bits31_16
unknown
edge2_p11a_qsynth_ea_csv_369_bits47_32
unknown
edge2_p11a_qsynth_ea_csv_369_bits63_48
unknown
edge2_p11a_qsynth_ea_csv_481_bits15_0
unsat
edge2_p11a_qsynth_ea_csv_481_bits31_16
unknown
edge2_p11a_qsynth_ea_csv_481_bits47_32
unknown
edge2_p11a_qsynth_ea_csv_481_bits63_48
unknown
edge2_p11a_qsynth_ea_csv_486_bits15_0
unknown
edge2_p11a_qsynth_ea_csv_486_bits31_16
unknown
edge2_p11a_qsynth_ea_csv_486_bits47_32
unknown
edge2_p11a_qsynth_ea_csv_486_bits63_48
unknown
edge2_p11a_qsynth_ea_csv_53_bits15_0
unknown
edge2_p11a_qsynth_ea_csv_53_bits31_16
unknown
edge2_p11a_qsynth_ea_csv_53_bits47_32
unknown
edge2_p11a_qsynth_ea_csv_53_bits63_48
unknown
edge2_p11a_qsynth_ea_csv_77_bits15_0
unsat
edge2_p11a_qsynth_ea_csv_77_bits31_16
unsat
edge2_p11a_qsynth_ea_csv_77_bits47_32
unsat
edge2_p11a_qsynth_ea_csv_77_bits63_48
unsat
edge2_p11b_qsynth_ea_csv_139_bits15_0
unknown
edge2_p11b_qsynth_ea_csv_139_bits31_16
unknown
edge2_p11b_qsynth_ea_csv_139_bits47_32
unknown
edge2_p11b_qsynth_ea_csv_139_bits63_48
unknown
edge2_p11b_qsynth_ea_csv_25_bits15_0
unsat
edge2_p11b_qsynth_ea_csv_25_bits31_16
unsat
edge2_p11b_qsynth_ea_csv_25_bits47_32
unsat
edge2_p11b_qsynth_ea_csv_25_bits63_48
unsat
edge2_p11b_qsynth_ea_csv_423_bits15_0
unsat
edge2_p11b_qsynth_ea_csv_423_bits31_16
unsat
edge2_p11b_qsynth_ea_csv_423_bits47_32
unsat
edge2_p11b_qsynth_ea_csv_423_bits63_48
unknown
edge2_p9l_loki_tiny_csv_19966_bits15_0
unsat
edge2_p9l_loki_tiny_csv_19966_bits31_16
unsat
edge2_p9l_loki_tiny_csv_19966_bits47_32
unknown
edge2_p9l_loki_tiny_csv_19966_bits63_48
unknown
edge2_p9l_loki_tiny_csv_23652_bits15_0
unsat
edge2_p9l_loki_tiny_csv_23652_bits31_16
unsat
edge2_p9l_loki_tiny_csv_23652_bits47_32
unsat
edge2_p9l_loki_tiny_csv_23652_bits63_48
unsat
