required_p11a_qsynth_ea_csv_125
unknown
required_p11a_qsynth_ea_csv_13
unknown
required_p11a_qsynth_ea_csv_134
unknown
required_p11a_qsynth_ea_csv_210
unknown
required_p11a_qsynth_ea_csv_234
unknown
required_p11a_qsynth_ea_csv_260
unknown
required_p11a_qsynth_ea_csv_294
unknown
required_p11a_qsynth_ea_csv_369
unknown
required_p11a_qsynth_ea_csv_481
unknown
required_p11a_qsynth_ea_csv_486
unknown
required_p11a_qsynth_ea_csv_53
unknown
required_p11a_qsynth_ea_csv_77
unknown
required_p11b_qsynth_ea_csv_114
unsat
required_p11b_qsynth_ea_csv_139
unknown
required_p11b_qsynth_ea_csv_25
unknown
required_p11b_qsynth_ea_csv_423
unknown
required_p7e_loki_tiny_csv_13238
unsat
required_p7e_loki_tiny_csv_13752
unsat
required_p7e_loki_tiny_csv_1841
unsat
required_p7e_loki_tiny_csv_18731
unsat
required_p7e_loki_tiny_csv_19290
unsat
required_p7e_loki_tiny_csv_19299
unsat
required_p7e_loki_tiny_csv_19996
unsat
required_p7e_loki_tiny_csv_2772
unsat
required_p7e_loki_tiny_csv_3928
unsat
required_p7e_loki_tiny_csv_3979
unsat
required_p7e_loki_tiny_csv_4581
unsat
required_p7e_loki_tiny_csv_4900
unsat
required_p7e_loki_tiny_csv_4917
unsat
required_p7e_qsynth_ea_csv_249
unknown
required_p7e_qsynth_ea_csv_309
unknown
required_p7e_qsynth_ea_csv_392
unknown
required_p9l_loki_tiny_csv_11431
unsat
required_p9l_loki_tiny_csv_12529
unsat
required_p9l_loki_tiny_csv_12689
unsat
required_p9l_loki_tiny_csv_13078
unsat
required_p9l_loki_tiny_csv_13174
unsat
required_p9l_loki_tiny_csv_14143
unsat
required_p9l_loki_tiny_csv_14221
unsat
required_p9l_loki_tiny_csv_14369
unsat
required_p9l_loki_tiny_csv_14497
unsat
required_p9l_loki_tiny_csv_14545
unsat
required_p9l_loki_tiny_csv_16073
unsat
required_p9l_loki_tiny_csv_17380
unsat
required_p9l_loki_tiny_csv_17524
unsat
required_p9l_loki_tiny_csv_17578
unsat
required_p9l_loki_tiny_csv_17633
unsat
required_p9l_loki_tiny_csv_17818
unsat
required_p9l_loki_tiny_csv_17825
unsat
required_p9l_loki_tiny_csv_17972
unsat
required_p9l_loki_tiny_csv_17980
unsat
required_p9l_loki_tiny_csv_17981
unsat
required_p9l_loki_tiny_csv_18104
unsat
required_p9l_loki_tiny_csv_18200
unsat
required_p9l_loki_tiny_csv_18437
unsat
required_p9l_loki_tiny_csv_18523
unsat
required_p9l_loki_tiny_csv_18631
unsat
required_p9l_loki_tiny_csv_18685
unsat
required_p9l_loki_tiny_csv_19329
unsat
required_p9l_loki_tiny_csv_19565
unsat
required_p9l_loki_tiny_csv_19597
unsat
required_p9l_loki_tiny_csv_19704
unsat
required_p9l_loki_tiny_csv_19728
unsat
required_p9l_loki_tiny_csv_19966
unknown
required_p9l_loki_tiny_csv_22103
unsat
required_p9l_loki_tiny_csv_23004
unsat
required_p9l_loki_tiny_csv_2319
unsat
required_p9l_loki_tiny_csv_23488
unsat
required_p9l_loki_tiny_csv_23652
unknown
required_p9l_loki_tiny_csv_23810
unsat
required_p9l_loki_tiny_csv_23816
unsat
required_p9l_loki_tiny_csv_24044
unsat
required_p9l_loki_tiny_csv_24286
unsat
required_p9l_loki_tiny_csv_24338
unsat
required_p9l_loki_tiny_csv_24490
unsat
required_p9l_loki_tiny_csv_24796
unknown
required_p9l_loki_tiny_csv_24869
unsat
required_p9l_loki_tiny_csv_24932
unsat
required_p9l_loki_tiny_csv_2499
unsat
required_p9l_loki_tiny_csv_2631
unsat
required_p9l_loki_tiny_csv_2729
unsat
required_p9l_loki_tiny_csv_2929
unsat
required_p9l_loki_tiny_csv_3312
unsat
required_p9l_loki_tiny_csv_3424
unsat
required_p9l_loki_tiny_csv_3894
unsat
required_p9l_loki_tiny_csv_3919
unsat
required_p9l_loki_tiny_csv_4081
unsat
required_p9l_loki_tiny_csv_4087
unsat
required_p9l_loki_tiny_csv_4220
unsat
required_p9l_loki_tiny_csv_4310
unsat
required_p9l_loki_tiny_csv_4549
unsat
required_p9l_loki_tiny_csv_4583
unsat
required_p9l_loki_tiny_csv_4752
unsat
required_p9l_loki_tiny_csv_7246
unsat
required_p9l_loki_tiny_csv_7492
unsat
required_p9l_loki_tiny_csv_8173
unsat
required_p9l_loki_tiny_csv_8341
unsat
required_p9l_loki_tiny_csv_8584
unsat
required_p9l_loki_tiny_csv_8982
unsat
required_p9l_loki_tiny_csv_9594
unsat
required_p9l_loki_tiny_csv_9810
unsat
